
*** Running vivado
    with args -log histeq.vds -m64 -product Vivado -mode batch -messageDb vivado.pb -notrace -source histeq.tcl



****** Vivado v2025.2.1 (64-bit)
  **** SW Build 6403652 on Thu Mar 19 19:48:24 GMT 2026
  **** IP Build 6403511 on Thu Mar 19 12:41:45 MDT 2026
  **** SharedData Build 6403650 on Thu Mar 19 14:02:13 MDT 2026
  **** Start of session at: Sun May 17 13:55:38 2026
    ** Copyright 1986-2022 Xilinx, Inc. All Rights Reserved.
    ** Copyright 2022-2026 Advanced Micro Devices, Inc. All Rights Reserved.

source histeq.tcl -notrace
Command: read_checkpoint -auto_incremental -incremental C:/Users/osmya/Desktop/RTLVision/RTLVision/RTLVision.srcs/utils_1/imports/synth_1/grayscale.dcp
INFO: [Vivado 12-5825] Read reference checkpoint from C:/Users/osmya/Desktop/RTLVision/RTLVision/RTLVision.srcs/utils_1/imports/synth_1/grayscale.dcp for incremental synthesis
INFO: [Vivado 12-7989] Please ensure there are no constraint changes
Command: synth_design -top histeq -part xc7a100tcsg324-1
Starting synth_design
Attempting to get a license for feature 'Synthesis' and/or device 'xc7a100t'
INFO: [Common 17-349] Got license for feature 'Synthesis' and/or device 'xc7a100t'
INFO: [Device 21-403] Loading part xc7a100tcsg324-1
INFO: [Designutils 20-5440] No compile time benefit to using incremental synthesis; A full resynthesis will be run
INFO: [Designutils 20-4379] Flow is switching to default flow due to incremental criteria not met. If you would like to alter this behaviour and have the flow terminate instead, please set the following parameter config_implementation {autoIncr.Synth.RejectBehavior Terminate}
INFO: [Synth 8-7079] Multithreading enabled for synth_design using a maximum of 2 processes.
INFO: [Synth 8-7078] Launching helper process for spawning children vivado processes
INFO: [Synth 8-7075] Helper process launched with PID 7344
---------------------------------------------------------------------------------
Starting RTL Elaboration : Time (s): cpu = 00:00:03 ; elapsed = 00:00:04 . Memory (MB): peak = 1292.316 ; gain = 543.293
---------------------------------------------------------------------------------
INFO: [Synth 8-6157] synthesizing module 'histeq' [C:/Users/osmya/Desktop/RTLVision/RTLVision/RTLVision.srcs/sources_1/new/histeq.sv:21]
INFO: [Synth 8-6155] done synthesizing module 'histeq' (0#1) [C:/Users/osmya/Desktop/RTLVision/RTLVision/RTLVision.srcs/sources_1/new/histeq.sv:21]
WARNING: [Synth 8-7129] Port in_hist_query_count[31] in module histeq is either unconnected or has no load
WARNING: [Synth 8-7129] Port in_hist_query_count[30] in module histeq is either unconnected or has no load
WARNING: [Synth 8-7129] Port in_hist_query_count[29] in module histeq is either unconnected or has no load
WARNING: [Synth 8-7129] Port in_hist_query_count[28] in module histeq is either unconnected or has no load
WARNING: [Synth 8-7129] Port in_hist_query_count[27] in module histeq is either unconnected or has no load
WARNING: [Synth 8-7129] Port in_hist_query_count[26] in module histeq is either unconnected or has no load
WARNING: [Synth 8-7129] Port in_hist_query_count[25] in module histeq is either unconnected or has no load
WARNING: [Synth 8-7129] Port in_hist_query_count[24] in module histeq is either unconnected or has no load
WARNING: [Synth 8-7129] Port in_hist_query_count[23] in module histeq is either unconnected or has no load
WARNING: [Synth 8-7129] Port in_hist_query_count[22] in module histeq is either unconnected or has no load
WARNING: [Synth 8-7129] Port in_hist_query_count[21] in module histeq is either unconnected or has no load
WARNING: [Synth 8-7129] Port in_hist_query_count[20] in module histeq is either unconnected or has no load
---------------------------------------------------------------------------------
Finished RTL Elaboration : Time (s): cpu = 00:00:04 ; elapsed = 00:00:05 . Memory (MB): peak = 1411.883 ; gain = 662.859
---------------------------------------------------------------------------------
---------------------------------------------------------------------------------
Start Handling Custom Attributes
---------------------------------------------------------------------------------
---------------------------------------------------------------------------------
Finished Handling Custom Attributes : Time (s): cpu = 00:00:04 ; elapsed = 00:00:05 . Memory (MB): peak = 1411.883 ; gain = 662.859
---------------------------------------------------------------------------------
---------------------------------------------------------------------------------
Finished RTL Optimization Phase 1 : Time (s): cpu = 00:00:04 ; elapsed = 00:00:05 . Memory (MB): peak = 1411.883 ; gain = 662.859
---------------------------------------------------------------------------------
Netlist sorting complete. Time (s): cpu = 00:00:00 ; elapsed = 00:00:00.003 . Memory (MB): peak = 1411.883 ; gain = 0.000
INFO: [Project 1-570] Preparing netlist for logic optimization

Processing XDC Constraints
Initializing timing engine
Parsing XDC File [C:/Users/osmya/Desktop/RTLVision/RTLVision/RTLVision.srcs/constrs_1/new/constraints.xdc]
Finished Parsing XDC File [C:/Users/osmya/Desktop/RTLVision/RTLVision/RTLVision.srcs/constrs_1/new/constraints.xdc]
INFO: [Project 1-236] Implementation specific constraints were found while reading constraint file [C:/Users/osmya/Desktop/RTLVision/RTLVision/RTLVision.srcs/constrs_1/new/constraints.xdc]. These constraints will be ignored for synthesis but will be used in implementation. Impacted constraints are listed in the file [.Xil/histeq_propImpl.xdc].
Resolution: To avoid this warning, move constraints listed in [.Xil/histeq_propImpl.xdc] to another XDC file and exclude this new file from synthesis with the used_in_synthesis property (File Properties dialog in GUI) and re-run elaboration/synthesis.
Completed Processing XDC Constraints

Netlist sorting complete. Time (s): cpu = 00:00:00 ; elapsed = 00:00:00 . Memory (MB): peak = 1492.512 ; gain = 0.000
INFO: [Project 1-111] Unisim Transformation Summary:
No Unisim elements were transformed.

Constraint Validation Runtime : Time (s): cpu = 00:00:00 ; elapsed = 00:00:00.005 . Memory (MB): peak = 1492.512 ; gain = 0.000
INFO: [Designutils 20-5440] No compile time benefit to using incremental synthesis; A full resynthesis will be run
INFO: [Designutils 20-4379] Flow is switching to default flow due to incremental criteria not met. If you would like to alter this behaviour and have the flow terminate instead, please set the following parameter config_implementation {autoIncr.Synth.RejectBehavior Terminate}
---------------------------------------------------------------------------------
Finished Constraint Validation : Time (s): cpu = 00:00:09 ; elapsed = 00:00:10 . Memory (MB): peak = 1492.512 ; gain = 743.488
---------------------------------------------------------------------------------
---------------------------------------------------------------------------------
Start Loading Part and Timing Information
---------------------------------------------------------------------------------
Loading part: xc7a100tcsg324-1
---------------------------------------------------------------------------------
Finished Loading Part and Timing Information : Time (s): cpu = 00:00:09 ; elapsed = 00:00:10 . Memory (MB): peak = 1492.512 ; gain = 743.488
---------------------------------------------------------------------------------
---------------------------------------------------------------------------------
Start Applying 'set_property' XDC Constraints
---------------------------------------------------------------------------------
---------------------------------------------------------------------------------
Finished applying 'set_property' XDC Constraints : Time (s): cpu = 00:00:09 ; elapsed = 00:00:10 . Memory (MB): peak = 1492.512 ; gain = 743.488
---------------------------------------------------------------------------------
INFO: [Synth 8-802] inferred FSM for state register 'state_reg' in module 'histeq'
---------------------------------------------------------------------------------------------------
                   State |                     New Encoding |                Previous Encoding 
---------------------------------------------------------------------------------------------------
                 ST_IDLE |                              000 |                              000
           ST_WAIT_QUERY |                              001 |                              001
              ST_PREPARE |                              010 |                              010
         ST_DIVIDE_CHECK |                              011 |                              011
               ST_DIVIDE |                              100 |                              100
               ST_COMMIT |                              101 |                              101
---------------------------------------------------------------------------------------------------
INFO: [Synth 8-3354] encoded FSM with state register 'state_reg' using encoding 'sequential' in module 'histeq'
---------------------------------------------------------------------------------
Finished RTL Optimization Phase 2 : Time (s): cpu = 00:00:09 ; elapsed = 00:00:10 . Memory (MB): peak = 1492.512 ; gain = 743.488
---------------------------------------------------------------------------------
---------------------------------------------------------------------------------
Start RTL Component Statistics 
---------------------------------------------------------------------------------
Detailed RTL Component Info : 
+---Adders : 
	   3 Input   28 Bit       Adders := 2     
	   2 Input   20 Bit       Adders := 2     
	   3 Input   20 Bit       Adders := 1     
	   2 Input    8 Bit       Adders := 2     
+---Registers : 
	               28 Bit    Registers := 1     
	               20 Bit    Registers := 8     
	                8 Bit    Registers := 5     
	                1 Bit    Registers := 9     
+---RAMs : 
	               2K Bit	(256 X 8 bit)          RAMs := 1     
+---Muxes : 
	   2 Input   28 Bit        Muxes := 3     
	   6 Input   28 Bit        Muxes := 1     
	   2 Input   20 Bit        Muxes := 1     
	   6 Input   20 Bit        Muxes := 2     
	   2 Input    8 Bit        Muxes := 1     
	   6 Input    8 Bit        Muxes := 3     
	   6 Input    3 Bit        Muxes := 1     
	   2 Input    3 Bit        Muxes := 4     
	   2 Input    1 Bit        Muxes := 4     
	   6 Input    1 Bit        Muxes := 17    
---------------------------------------------------------------------------------
Finished RTL Component Statistics 
---------------------------------------------------------------------------------
---------------------------------------------------------------------------------
Start Part Resource Summary
---------------------------------------------------------------------------------
Part Resources:
DSPs: 240 (col length:80)
BRAMs: 270 (col length: RAMB18 80 RAMB36 40)
---------------------------------------------------------------------------------
Finished Part Resource Summary
---------------------------------------------------------------------------------
---------------------------------------------------------------------------------
Start Cross Boundary and Area Optimization
---------------------------------------------------------------------------------
WARNING: [Synth 8-7129] Port in_hist_query_count[31] in module histeq is either unconnected or has no load
WARNING: [Synth 8-7129] Port in_hist_query_count[30] in module histeq is either unconnected or has no load
WARNING: [Synth 8-7129] Port in_hist_query_count[29] in module histeq is either unconnected or has no load
WARNING: [Synth 8-7129] Port in_hist_query_count[28] in module histeq is either unconnected or has no load
WARNING: [Synth 8-7129] Port in_hist_query_count[27] in module histeq is either unconnected or has no load
WARNING: [Synth 8-7129] Port in_hist_query_count[26] in module histeq is either unconnected or has no load
WARNING: [Synth 8-7129] Port in_hist_query_count[25] in module histeq is either unconnected or has no load
WARNING: [Synth 8-7129] Port in_hist_query_count[24] in module histeq is either unconnected or has no load
WARNING: [Synth 8-7129] Port in_hist_query_count[23] in module histeq is either unconnected or has no load
WARNING: [Synth 8-7129] Port in_hist_query_count[22] in module histeq is either unconnected or has no load
WARNING: [Synth 8-7129] Port in_hist_query_count[21] in module histeq is either unconnected or has no load
WARNING: [Synth 8-7129] Port in_hist_query_count[20] in module histeq is either unconnected or has no load
---------------------------------------------------------------------------------
Finished Cross Boundary and Area Optimization : Time (s): cpu = 00:00:11 ; elapsed = 00:00:12 . Memory (MB): peak = 1492.512 ; gain = 743.488
---------------------------------------------------------------------------------
---------------------------------------------------------------------------------
Start ROM, RAM, DSP, Shift Register and Retiming Reporting
---------------------------------------------------------------------------------

Block RAM: Preliminary Mapping Report (see note below)
+------------+------------+------------------------+---+---+------------------------+---+---+------------------+--------+--------+
|Module Name | RTL Object | PORT A (Depth x Width) | W | R | PORT B (Depth x Width) | W | R | Ports driving FF | RAMB18 | RAMB36 | 
+------------+------------+------------------------+---+---+------------------------+---+---+------------------+--------+--------+
|histeq      | eq_lut_reg | 256 x 8(READ_FIRST)    | W |   | 256 x 8(WRITE_FIRST)   |   | R | Port A and B     | 1      | 0      | 
+------------+------------+------------------------+---+---+------------------------+---+---+------------------+--------+--------+

Note: The table above is a preliminary report that shows the Block RAMs at the current stage of the synthesis flow. Some Block RAMs may be reimplemented as non Block RAM primitives later in the synthesis flow. Multiple instantiated Block RAMs are reported only once. 
---------------------------------------------------------------------------------
Finished ROM, RAM, DSP, Shift Register and Retiming Reporting
---------------------------------------------------------------------------------
---------------------------------------------------------------------------------
Start Applying XDC Timing Constraints
---------------------------------------------------------------------------------
---------------------------------------------------------------------------------
Finished Applying XDC Timing Constraints : Time (s): cpu = 00:00:14 ; elapsed = 00:00:16 . Memory (MB): peak = 1610.207 ; gain = 861.184
---------------------------------------------------------------------------------
---------------------------------------------------------------------------------
Start Timing Optimization
---------------------------------------------------------------------------------
---------------------------------------------------------------------------------
Finished Timing Optimization : Time (s): cpu = 00:00:15 ; elapsed = 00:00:16 . Memory (MB): peak = 1653.574 ; gain = 904.551
---------------------------------------------------------------------------------
---------------------------------------------------------------------------------
Start ROM, RAM, DSP, Shift Register and Retiming Reporting
---------------------------------------------------------------------------------

Block RAM: Final Mapping Report
+------------+------------+------------------------+---+---+------------------------+---+---+------------------+--------+--------+
|Module Name | RTL Object | PORT A (Depth x Width) | W | R | PORT B (Depth x Width) | W | R | Ports driving FF | RAMB18 | RAMB36 | 
+------------+------------+------------------------+---+---+------------------------+---+---+------------------+--------+--------+
|histeq      | eq_lut_reg | 256 x 8(READ_FIRST)    | W |   | 256 x 8(WRITE_FIRST)   |   | R | Port A and B     | 1      | 0      | 
+------------+------------+------------------------+---+---+------------------------+---+---+------------------+--------+--------+

---------------------------------------------------------------------------------
Finished ROM, RAM, DSP, Shift Register and Retiming Reporting
---------------------------------------------------------------------------------
---------------------------------------------------------------------------------
Start Technology Mapping
---------------------------------------------------------------------------------
---------------------------------------------------------------------------------
Finished Technology Mapping : Time (s): cpu = 00:00:15 ; elapsed = 00:00:17 . Memory (MB): peak = 1653.574 ; gain = 904.551
---------------------------------------------------------------------------------
---------------------------------------------------------------------------------
Start IO Insertion
---------------------------------------------------------------------------------
---------------------------------------------------------------------------------
Start Flattening Before IO Insertion
---------------------------------------------------------------------------------
---------------------------------------------------------------------------------
Finished Flattening Before IO Insertion
---------------------------------------------------------------------------------
---------------------------------------------------------------------------------
Start Final Netlist Cleanup
---------------------------------------------------------------------------------
---------------------------------------------------------------------------------
Finished Final Netlist Cleanup
---------------------------------------------------------------------------------
---------------------------------------------------------------------------------
Finished IO Insertion : Time (s): cpu = 00:00:18 ; elapsed = 00:00:19 . Memory (MB): peak = 1879.305 ; gain = 1130.281
---------------------------------------------------------------------------------
---------------------------------------------------------------------------------
Start Renaming Generated Instances
---------------------------------------------------------------------------------
---------------------------------------------------------------------------------
Finished Renaming Generated Instances : Time (s): cpu = 00:00:18 ; elapsed = 00:00:19 . Memory (MB): peak = 1879.305 ; gain = 1130.281
---------------------------------------------------------------------------------
---------------------------------------------------------------------------------
Start Rebuilding User Hierarchy
---------------------------------------------------------------------------------
---------------------------------------------------------------------------------
Finished Rebuilding User Hierarchy : Time (s): cpu = 00:00:18 ; elapsed = 00:00:19 . Memory (MB): peak = 1879.305 ; gain = 1130.281
---------------------------------------------------------------------------------
---------------------------------------------------------------------------------
Start Renaming Generated Ports
---------------------------------------------------------------------------------
---------------------------------------------------------------------------------
Finished Renaming Generated Ports : Time (s): cpu = 00:00:18 ; elapsed = 00:00:19 . Memory (MB): peak = 1879.305 ; gain = 1130.281
---------------------------------------------------------------------------------
---------------------------------------------------------------------------------
Start Handling Custom Attributes
---------------------------------------------------------------------------------
---------------------------------------------------------------------------------
Finished Handling Custom Attributes : Time (s): cpu = 00:00:18 ; elapsed = 00:00:19 . Memory (MB): peak = 1879.305 ; gain = 1130.281
---------------------------------------------------------------------------------
---------------------------------------------------------------------------------
Start Renaming Generated Nets
---------------------------------------------------------------------------------
---------------------------------------------------------------------------------
Finished Renaming Generated Nets : Time (s): cpu = 00:00:18 ; elapsed = 00:00:19 . Memory (MB): peak = 1879.305 ; gain = 1130.281
---------------------------------------------------------------------------------
---------------------------------------------------------------------------------
Start Writing Synthesis Report
---------------------------------------------------------------------------------

Report BlackBoxes: 
+-+--------------+----------+
| |BlackBox name |Instances |
+-+--------------+----------+
+-+--------------+----------+

Report Cell Usage: 
+------+---------+------+
|      |Cell     |Count |
+------+---------+------+
|1     |BUFG     |     1|
|2     |CARRY4   |    36|
|3     |LUT1     |    27|
|4     |LUT2     |   107|
|5     |LUT3     |    31|
|6     |LUT4     |    73|
|7     |LUT5     |    45|
|8     |LUT6     |    35|
|9     |RAMB18E1 |     1|
|10    |FDRE     |   240|
|11    |IBUF     |    33|
|12    |OBUF     |    20|
+------+---------+------+
---------------------------------------------------------------------------------
Finished Writing Synthesis Report : Time (s): cpu = 00:00:18 ; elapsed = 00:00:19 . Memory (MB): peak = 1879.305 ; gain = 1130.281
---------------------------------------------------------------------------------
Synthesis finished with 0 errors, 0 critical warnings and 12 warnings.
Synthesis Optimization Runtime : Time (s): cpu = 00:00:13 ; elapsed = 00:00:18 . Memory (MB): peak = 1879.305 ; gain = 1049.652
Synthesis Optimization Complete : Time (s): cpu = 00:00:18 ; elapsed = 00:00:19 . Memory (MB): peak = 1879.305 ; gain = 1130.281
INFO: [Project 1-571] Translating synthesized netlist
Netlist sorting complete. Time (s): cpu = 00:00:00 ; elapsed = 00:00:00.003 . Memory (MB): peak = 1884.977 ; gain = 0.000
INFO: [Netlist 29-17] Analyzing 37 Unisim elements for replacement
INFO: [Netlist 29-28] Unisim Transformation completed in 0 CPU seconds
INFO: [Project 1-570] Preparing netlist for logic optimization
INFO: [Opt 31-138] Pushed 0 inverter(s) to 0 load pin(s).
Netlist sorting complete. Time (s): cpu = 00:00:00 ; elapsed = 00:00:00 . Memory (MB): peak = 1888.641 ; gain = 0.000
INFO: [Project 1-111] Unisim Transformation Summary:
No Unisim elements were transformed.

Synth Design complete | Checksum: 76151658
INFO: [Common 17-83] Releasing license: Synthesis
25 Infos, 24 Warnings, 0 Critical Warnings and 0 Errors encountered.
synth_design completed successfully
synth_design: Time (s): cpu = 00:00:21 ; elapsed = 00:00:24 . Memory (MB): peak = 1888.641 ; gain = 1342.051
Write ShapeDB Complete: Time (s): cpu = 00:00:00 ; elapsed = 00:00:00.002 . Memory (MB): peak = 1888.641 ; gain = 0.000
INFO: [Common 17-1381] The checkpoint 'C:/Users/osmya/Desktop/RTLVision/RTLVision/RTLVision.runs/synth_1/histeq.dcp' has been generated.
INFO: [Vivado 12-24828] Executing command : report_utilization -file histeq_utilization_synth.rpt -pb histeq_utilization_synth.pb
INFO: [Common 17-206] Exiting Vivado at Sun May 17 13:56:09 2026...
