#-----------------------------------------------------------
# Vivado v2025.2 (64-bit)
# SW Build 6299465 on Fri Nov 14 12:34:56 MST 2025
# IP Build 6300035 on Fri Nov 14 10:48:45 MST 2025
# SharedData Build 6298862 on Thu Nov 13 04:50:51 MST 2025
# Start of session at: Thu Apr 23 21:24:59 2026
# Process ID         : 767135
# Current directory  : /home/rt7/Desktop/RTLVision/RTLVision/RTLVision.runs/synth_1
# Command line       : vivado -log grayscale.vds -product Vivado -mode batch -messageDb vivado.pb -notrace -source grayscale.tcl
# Log file           : /home/rt7/Desktop/RTLVision/RTLVision/RTLVision.runs/synth_1/grayscale.vds
# Journal file       : /home/rt7/Desktop/RTLVision/RTLVision/RTLVision.runs/synth_1/vivado.jou
# Running On         : rt7-desktop1
# Platform           : Ubuntu
# Operating System   : Ubuntu 24.04.3 LTS
# Processor Detail   : AMD Ryzen 9 7950X 16-Core Processor
# CPU Frequency      : 5376.246 MHz
# CPU Physical cores : 16
# CPU Logical cores  : 32
# Host memory        : 66418 MB
# Swap memory        : 8589 MB
# Total Virtual      : 75007 MB
# Available Virtual  : 61773 MB
#-----------------------------------------------------------
source grayscale.tcl -notrace
